  NB AWGN fD=     0  (4s)
  NB TDL-A fD=     0  (6s)
  NB TDL-A fD=   600  (9s)
  NB TDL-A fD=  1000  (13s)
  NB TDL-B fD=     0  (14s)
  NB TDL-B fD=   600  (18s)
  NB TDL-B fD=  1000  (21s)
  NB TDL-C fD=     0  (23s)
  NB TDL-C fD=   600  (27s)
  NB TDL-C fD=  1000  (31s)
  NB TDL-D fD=     0  (32s)
  NB TDL-D fD=   600  (35s)
  NB TDL-D fD=  1000  (38s)

--- NB: uncoded BER ---
  AWGN fD=0
    SNR         OFDM   PCP-guard    PCP-orig
      0     1.82e-01    1.68e-01    1.71e-01
      5     4.75e-02    4.26e-02    4.37e-02
     10     1.71e-03    1.11e-03    1.18e-03
     15     6.16e-06    0.00e+00    0.00e+00
     20     0.00e+00    0.00e+00    0.00e+00
     25     0.00e+00    0.00e+00    0.00e+00
     30     0.00e+00    0.00e+00    0.00e+00
  TDL-A fD=0
    SNR         OFDM   PCP-guard    PCP-orig
      0     2.27e-01    2.14e-01    2.18e-01
      5     1.09e-01    1.04e-01    1.05e-01
     10     3.98e-02    3.89e-02    3.95e-02
     15     1.30e-02    1.47e-02    1.50e-02
     20     3.89e-03    6.75e-03    6.78e-03
     25     1.06e-03    4.43e-03    4.22e-03
     30     2.24e-04    3.89e-03    3.62e-03
  TDL-A fD=600
    SNR         OFDM   PCP-guard    PCP-orig
      0     2.45e-01    2.35e-01    2.40e-01
      5     1.31e-01    1.35e-01    1.39e-01
     10     5.64e-02    7.13e-02    7.52e-02
     15     2.26e-02    4.35e-02    4.74e-02
     20     9.97e-03    3.41e-02    3.81e-02
     25     5.69e-03    3.14e-02    3.56e-02
     30     4.21e-03    3.05e-02    3.50e-02
  TDL-A fD=1000
    SNR         OFDM   PCP-guard    PCP-orig
      0     2.52e-01    2.45e-01    2.50e-01
      5     1.39e-01    1.46e-01    1.51e-01
     10     6.48e-02    8.66e-02    9.16e-02
     15     3.14e-02    6.37e-02    7.00e-02
     20     2.07e-02    5.81e-02    6.50e-02
     25     1.70e-02    5.68e-02    6.41e-02
     30     1.59e-02    5.67e-02    6.41e-02
  TDL-B fD=0
    SNR         OFDM   PCP-guard    PCP-orig
      0     2.34e-01    2.20e-01    2.24e-01
      5     1.19e-01    1.13e-01    1.16e-01
     10     4.83e-02    4.63e-02    4.72e-02
     15     1.72e-02    1.86e-02    1.81e-02
     20     5.80e-03    9.61e-03    9.01e-03
     25     1.89e-03    7.27e-03    6.46e-03
     30     6.66e-04    6.59e-03    5.73e-03
  TDL-B fD=600
    SNR         OFDM   PCP-guard    PCP-orig
      0     2.41e-01    2.32e-01    2.38e-01
      5     1.27e-01    1.35e-01    1.39e-01
     10     5.57e-02    7.17e-02    7.39e-02
     15     2.27e-02    4.37e-02    4.60e-02
     20     1.05e-02    3.39e-02    3.62e-02
     25     6.26e-03    3.10e-02    3.32e-02
     30     5.00e-03    2.96e-02    3.24e-02
  TDL-B fD=1000
    SNR         OFDM   PCP-guard    PCP-orig
      0     2.46e-01    2.41e-01    2.45e-01
      5     1.35e-01    1.46e-01    1.50e-01
     10     6.35e-02    8.75e-02    9.17e-02
     15     3.28e-02    6.22e-02    6.78e-02
     20     2.15e-02    5.45e-02    6.08e-02
     25     1.81e-02    5.24e-02    5.86e-02
     30     1.69e-02    5.15e-02    5.80e-02
  TDL-C fD=0
    SNR         OFDM   PCP-guard    PCP-orig
      0     2.34e-01    2.29e-01    2.27e-01
      5     1.18e-01    1.26e-01    1.18e-01
     10     4.47e-02    5.85e-02    4.56e-02
     15     1.46e-02    3.02e-02    1.74e-02
     20     4.81e-03    2.14e-02    9.33e-03
     25     1.67e-03    1.86e-02    7.37e-03
     30     6.04e-04    1.80e-02    6.85e-03
  TDL-C fD=600
    SNR         OFDM   PCP-guard    PCP-orig
      0     2.37e-01    2.36e-01    2.36e-01
      5     1.22e-01    1.44e-01    1.37e-01
     10     5.20e-02    8.31e-02    7.30e-02
     15     2.07e-02    5.70e-02    4.58e-02
     20     9.47e-03    4.79e-02    3.61e-02
     25     5.91e-03    4.50e-02    3.34e-02
     30     4.70e-03    4.41e-02    3.26e-02
  TDL-C fD=1000
    SNR         OFDM   PCP-guard    PCP-orig
      0     2.58e-01    2.59e-01    2.58e-01
      5     1.46e-01    1.68e-01    1.63e-01
     10     7.02e-02    1.10e-01    1.01e-01
     15     3.56e-02    8.34e-02    7.34e-02
     20     2.33e-02    7.41e-02    6.40e-02
     25     1.91e-02    7.10e-02    6.12e-02
     30     1.78e-02    7.02e-02    6.01e-02
  TDL-D fD=0
    SNR         OFDM   PCP-guard    PCP-orig
      0     1.93e-01    1.80e-01    1.83e-01
      5     6.42e-02    5.80e-02    5.92e-02
     10     8.44e-03    7.04e-03    7.29e-03
     15     4.82e-04    4.14e-04    4.01e-04
     20     2.84e-05    1.08e-05    1.09e-05
     25     0.00e+00    0.00e+00    0.00e+00
     30     0.00e+00    0.00e+00    0.00e+00
  TDL-D fD=600
    SNR         OFDM   PCP-guard    PCP-orig
      0     2.03e-01    2.02e-01    2.06e-01
      5     7.42e-02    9.34e-02    9.69e-02
     10     1.45e-02    3.94e-02    4.29e-02
     15     2.83e-03    2.46e-02    2.87e-02
     20     9.57e-04    2.16e-02    2.64e-02
     25     6.62e-04    2.11e-02    2.61e-02
     30     5.14e-04    2.09e-02    2.61e-02
  TDL-D fD=1000
    SNR         OFDM   PCP-guard    PCP-orig
      0     2.19e-01    2.19e-01    2.24e-01
      5     9.47e-02    1.18e-01    1.26e-01
     10     3.02e-02    7.55e-02    8.39e-02
     15     1.25e-02    7.09e-02    8.25e-02
     20     8.40e-03    7.56e-02    8.93e-02
     25     7.07e-03    7.87e-02    9.38e-02
     30     6.88e-03    7.97e-02    9.51e-02
  WB AWGN fD=     0  (45s)
  WB TDL-A fD=     0  (50s)
  WB TDL-A fD=   600  (61s)
  WB TDL-A fD=  1000  (72s)
  WB TDL-B fD=     0  (77s)
  WB TDL-B fD=   600  (88s)
  WB TDL-B fD=  1000  (99s)
  WB TDL-C fD=     0  (105s)
  WB TDL-C fD=   600  (117s)
  WB TDL-C fD=  1000  (128s)
  WB TDL-D fD=     0  (132s)
  WB TDL-D fD=   600  (140s)
  WB TDL-D fD=  1000  (147s)

--- WB: uncoded BER ---
  AWGN fD=0
    SNR         OFDM   PCP-guard    PCP-orig
      0     1.82e-01    2.09e-01    2.13e-01
      5     4.85e-02    6.01e-02    6.25e-02
     10     2.27e-03    3.07e-03    3.35e-03
     15     5.71e-04    1.02e-06    1.02e-06
     20     3.67e-04    0.00e+00    0.00e+00
     25     1.97e-04    0.00e+00    0.00e+00
     30     2.19e-05    0.00e+00    0.00e+00
  TDL-A fD=0
    SNR         OFDM   PCP-guard    PCP-orig
      0     2.41e-01    2.78e-01    2.82e-01
      5     1.23e-01    1.66e-01    1.68e-01
     10     4.83e-02    8.61e-02    8.72e-02
     15     1.59e-02    4.90e-02    4.91e-02
     20     4.99e-03    3.88e-02    3.91e-02
     25     1.76e-03    3.80e-02    3.85e-02
     30     6.10e-04    3.83e-02    3.89e-02
  TDL-A fD=600
    SNR         OFDM   PCP-guard    PCP-orig
      0     2.45e-01    2.84e-01    2.88e-01
      5     1.31e-01    1.76e-01    1.79e-01
     10     5.50e-02    9.76e-02    1.00e-01
     15     2.08e-02    6.03e-02    6.19e-02
     20     8.06e-03    4.84e-02    5.03e-02
     25     3.52e-03    4.62e-02    4.82e-02
     30     1.92e-03    4.57e-02    4.79e-02
  TDL-A fD=1000
    SNR         OFDM   PCP-guard    PCP-orig
      0     2.49e-01    2.90e-01    2.93e-01
      5     1.34e-01    1.83e-01    1.86e-01
     10     5.66e-02    1.08e-01    1.10e-01
     15     2.19e-02    7.38e-02    7.66e-02
     20     9.26e-03    6.39e-02    6.73e-02
     25     5.04e-03    6.24e-02    6.63e-02
     30     3.69e-03    6.21e-02    6.66e-02
  TDL-B fD=0
    SNR         OFDM   PCP-guard    PCP-orig
      0     2.39e-01    2.64e-01    2.67e-01
      5     1.25e-01    1.47e-01    1.49e-01
     10     5.16e-02    6.12e-02    6.25e-02
     15     1.87e-02    2.24e-02    2.26e-02
     20     6.39e-03    1.16e-02    1.14e-02
     25     2.18e-03    9.15e-03    8.93e-03
     30     7.23e-04    8.37e-03    8.16e-03
  TDL-B fD=600
    SNR         OFDM   PCP-guard    PCP-orig
      0     2.38e-01    2.65e-01    2.69e-01
      5     1.24e-01    1.50e-01    1.54e-01
     10     5.06e-02    6.81e-02    7.07e-02
     15     1.85e-02    3.04e-02    3.24e-02
     20     6.93e-03    1.88e-02    2.00e-02
     25     2.91e-03    1.53e-02    1.66e-02
     30     1.53e-03    1.44e-02    1.55e-02
  TDL-B fD=1000
    SNR         OFDM   PCP-guard    PCP-orig
      0     2.46e-01    2.76e-01    2.79e-01
      5     1.31e-01    1.64e-01    1.67e-01
     10     5.63e-02    8.24e-02    8.57e-02
     15     2.23e-02    4.47e-02    4.67e-02
     20     9.68e-03    3.10e-02    3.30e-02
     25     5.44e-03    2.72e-02    2.93e-02
     30     3.98e-03    2.58e-02    2.80e-02
  TDL-C fD=0
    SNR         OFDM   PCP-guard    PCP-orig
      0     2.38e-01    2.66e-01    2.69e-01
      5     1.25e-01    1.53e-01    1.56e-01
     10     5.54e-02    7.53e-02    7.65e-02
     15     2.59e-02    3.99e-02    4.10e-02
     20     1.56e-02    2.79e-02    2.86e-02
     25     1.22e-02    2.44e-02    2.48e-02
     30     1.11e-02    2.32e-02    2.35e-02
  TDL-C fD=600
    SNR         OFDM   PCP-guard    PCP-orig
      0     2.41e-01    2.71e-01    2.75e-01
      5     1.31e-01    1.63e-01    1.65e-01
     10     6.09e-02    8.75e-02    8.95e-02
     15     2.99e-02    5.33e-02    5.42e-02
     20     1.84e-02    4.08e-02    4.18e-02
     25     1.46e-02    3.67e-02    3.77e-02
     30     1.34e-02    3.56e-02    3.64e-02
  TDL-C fD=1000
    SNR         OFDM   PCP-guard    PCP-orig
      0     2.55e-01    2.87e-01    2.89e-01
      5     1.42e-01    1.79e-01    1.82e-01
     10     6.70e-02    1.03e-01    1.06e-01
     15     3.35e-02    6.63e-02    6.86e-02
     20     2.14e-02    5.25e-02    5.52e-02
     25     1.74e-02    4.84e-02    5.07e-02
     30     1.61e-02    4.70e-02    4.92e-02
  TDL-D fD=0
    SNR         OFDM   PCP-guard    PCP-orig
      0     1.95e-01    2.21e-01    2.25e-01
      5     6.56e-02    7.80e-02    8.05e-02
     10     8.96e-03    9.47e-03    1.02e-02
     15     9.41e-04    1.57e-04    1.65e-04
     20     4.02e-04    0.00e+00    0.00e+00
     25     2.13e-04    0.00e+00    0.00e+00
     30     4.19e-05    0.00e+00    0.00e+00
  TDL-D fD=600
    SNR         OFDM   PCP-guard    PCP-orig
      0     2.03e-01    2.34e-01    2.39e-01
      5     7.54e-02    9.78e-02    1.01e-01
     10     1.43e-02    2.49e-02    2.58e-02
     15     2.34e-03    5.91e-03    6.36e-03
     20     7.74e-04    2.58e-03    2.89e-03
     25     4.37e-04    1.98e-03    2.30e-03
     30     2.15e-04    1.98e-03    2.20e-03
  TDL-D fD=1000
    SNR         OFDM   PCP-guard    PCP-orig
      0     2.04e-01    2.45e-01    2.48e-01
      5     7.73e-02    1.16e-01    1.19e-01
     10     1.60e-02    4.57e-02    4.89e-02
     15     3.24e-03    2.55e-02    2.78e-02
     20     1.26e-03    2.25e-02    2.48e-02
     25     7.44e-04    2.28e-02    2.56e-02
     30     5.18e-04    2.34e-02    2.63e-02

wrote uncoded_ref.json  total 147s
