
=== NB-A ===
  [NB-A/ofdm      ] M_wave=256 Fs=7.680MHz, generating 20 slots ...
  [NB-A/zp        ] M_wave=156 Fs=4.680MHz, generating 20 slots ...
  [NB-A/pcp_guard ] M_wave=156 Fs=4.680MHz, generating 20 slots ...
  [NB-A/pcp_orig  ] M_wave=156 Fs=4.680MHz, generating 20 slots ...
  [NB-A/mc_mp     ] M_wave=256 Fs=7.680MHz, generating 20 slots ...
  saved results/figures\fig_tx_spectrum_NB-A.png
  saved results/figures\fig_tx_papr_ccdf_NB-A.png

=== WB-B ===
  [WB-B/ofdm      ] M_wave=1024 Fs=61.440MHz, generating 20 slots ...
  [WB-B/zp        ] M_wave=624 Fs=37.440MHz, generating 20 slots ...
  [WB-B/pcp_guard ] M_wave=624 Fs=37.440MHz, generating 20 slots ...
  [WB-B/pcp_orig  ] M_wave=624 Fs=37.440MHz, generating 20 slots ...
  [WB-B/mc_mp     ] M_wave=1024 Fs=61.440MHz, generating 20 slots ...
  saved results/figures\fig_tx_spectrum_WB-B.png
  saved results/figures\fig_tx_papr_ccdf_WB-B.png

Config  Method        PAPR@0.01%    ACLR (dB)  occ_BW_MHz
------------------------------------------------------------
NB-A    ofdm              9.59 dB      112.27 / 112.76       4.680
NB-A    zp                9.53 dB      118.11 / 118.09       4.680
NB-A    pcp_guard        11.42 dB      118.83 / 118.95       4.680
NB-A    pcp_orig         10.31 dB      118.27 / 117.38       4.680
NB-A    mc_mp             9.81 dB      113.30 / 113.07       4.680
WB-B    ofdm              9.68 dB      115.11 / 114.92      37.440
WB-B    zp                9.77 dB      117.41 / 117.49      37.440
WB-B    pcp_guard         9.49 dB      118.11 / 118.19      37.440
WB-B    pcp_orig          9.34 dB      118.03 / 117.88      37.440
WB-B    mc_mp             9.66 dB      115.10 / 114.90      37.440
