
=== NB-A ===
  [NB-A/ofdm      ] M_wave=256 Fs=7.680MHz, generating 20 slots ...
  [NB-A/zp        ] M_wave=156 Fs=4.680MHz, generating 20 slots ...
  [NB-A/pcp_guard ] M_wave=156 Fs=4.680MHz, generating 20 slots ...
  [NB-A/pcp_orig  ] M_wave=156 Fs=4.680MHz, generating 20 slots ...
  [NB-A/mc_mp     ] M_wave=256 Fs=7.680MHz, generating 20 slots ...
  saved results/figures\fig_tx_spectrum_NB-A.png
  saved results/figures\fig_tx_papr_ccdf_NB-A.png

=== WB-B ===
  [WB-B/ofdm      ] M_wave=1024 Fs=61.440MHz, generating 20 slots ...
  [WB-B/zp        ] M_wave=624 Fs=37.440MHz, generating 20 slots ...
  [WB-B/pcp_guard ] M_wave=624 Fs=37.440MHz, generating 20 slots ...
  [WB-B/pcp_orig  ] M_wave=624 Fs=37.440MHz, generating 20 slots ...
  [WB-B/mc_mp     ] M_wave=1024 Fs=61.440MHz, generating 20 slots ...
  saved results/figures\fig_tx_spectrum_WB-B.png
  saved results/figures\fig_tx_papr_ccdf_WB-B.png

Config  Method        PAPR@0.01%    ACLR (dB)  occ_BW_MHz
------------------------------------------------------------
NB-A    ofdm              9.59 dB       75.73 / 76.20       4.680
NB-A    zp                9.53 dB      112.40 / 112.29       4.680
NB-A    pcp_guard        11.42 dB      113.15 / 113.27       4.680
NB-A    pcp_orig         10.31 dB      112.60 / 112.38       4.680
NB-A    mc_mp             9.81 dB       77.78 / 77.25       4.680
WB-B    ofdm              9.68 dB       82.03 / 81.77      37.440
WB-B    zp                9.77 dB      112.27 / 112.41      37.440
WB-B    pcp_guard         9.49 dB      112.41 / 112.55      37.440
WB-B    pcp_orig          9.34 dB      112.42 / 112.55      37.440
WB-B    mc_mp             9.66 dB       83.42 / 83.45      37.440
